[Yt] Canal: Oliver Nabani (Min: 5m)
[Yt] yt_IM-WDOL4q60 más de 10 días
[Yt] Canal: Jordi LLatzer (Min: 5m)
[Yt] yt_UDZUuJYz3l4 más de 10 días
[Yt] Canal: Wall Street Wolverine (Min: 20m)
[Yt] yt_QS4iqP1rxng ya procesado
[Yt] yt_kiYOfUBeGV0 descartado: 8m < 20m
[Yt] yt_mvSqXMVLuEI descartado: 9m < 20m
[Yt] yt_GAl93DmrRvk descartado: 5m < 20m
[Yt] yt_YHhy03Hc27s ya procesado
[Yt] yt_ZIYiLYB3Rd4 ya procesado
[Yt] yt_SxFgZAkBhJA ya procesado
[Yt] yt_KNWHZo7Iv_0 ya procesado
[Yt] yt_zD0cs62TVDg ya procesado
[Yt] yt_S2fDv0MoMvM ya procesado
[Yt] yt_1t-8vF98tTM ya procesado
[Yt] yt_mDhByuYQivw ya procesado
[Yt] yt_cY3WKZ3T9_k ya procesado
[Yt] yt_aBD9gOejbwk ya procesado
[Yt] yt_UPlIU_xEJtE más de 10 días
[Yt] Canal: Solo Fonseca (Min: 5m)
[Yt] yt_a2YA4dczL3Q ya procesado
[Yt] yt_bpYddom4APM ya procesado
[Yt] yt_gmkXoscQlAQ ya procesado
[Yt] yt_JxTju50km5c ya procesado
[Yt] yt_iX_Pz5yWf1k ya procesado
[Yt] yt_PatdYBFMOeU ya procesado
[Yt] yt_nFw48yKQbpU ya procesado
[Yt] yt_hlBCJLK3r1E ya procesado
[Yt] yt_RKDxfck4hUs ya procesado
[Yt] yt_yreFEkX7QwU ya procesado
[Yt] yt_ywXCAuEySlk ya procesado
[Yt] yt_cF0ZffpPq1c más de 10 días
[Yt] Canal: Marc Vidal (Min: 5m)
[Yt] yt_gOLFffIZ4Hc ya procesado
[Yt] yt_kp3xP3phs8c ya procesado
[Yt] yt_YgoPACaRZ7I ya procesado
[Yt] yt_vpbjKCVFYq8 ya procesado
[Yt] yt_82qMULHXUY4 ya procesado
[Yt] yt_J0IjOXbs784 ya procesado
[Yt] yt_mG5MaKHtLJg ya procesado
[Yt] yt_ame0DumeRGI ya procesado
[Yt] yt_Ig_kdbLSppo ya procesado
[Yt] yt_PnqWLr3h-z4 más de 10 días
[Yt] Canal: WorldCast (Min: 5m)
[Yt] yt_SBcdEUIooWs ya procesado
[Yt] yt_PX_DM0UsPXM ya procesado
[Yt] yt_a79SN79brZM ya procesado
[Yt] yt_wd3wB_c0ef0 ya procesado
[Yt] yt_boFSbRoi9pM más de 10 días
[Yt] Canal: Dross Rotzank (Min: 5m)
[Yt] yt_EplNEHQUOUc ya procesado
[Yt] yt_2KFvdwBEhIM ya procesado
[Yt] yt_EYSjommv15A ya procesado
[Yt] yt_xCfl4sO-GDE ya procesado
[Yt] yt_1quag0soLUI ya procesado
[Yt] yt_TEGlePVRSvE ya procesado
[Yt] yt_iCznjSPkpA8 ya procesado
[Yt] yt_IhIIgqo8YYM más de 10 días
[Yt] Canal: The Wild Project (Min: 25m)
[Yt] yt_nmaFy0s9snM descartado: 10m < 25m
[Yt] yt_Cw4nAzB1DRc descartado: 13m < 25m
[Yt] yt_AJhQmFCQORo descartado: 11m < 25m
[Yt] yt_ESV5IsCiKZ0 descartado: 7m < 25m
[Yt] yt_QcNJiO7mtIE descartado: 8m < 25m
[Yt] yt_lRFhV3Slv8k descartado: 8m < 25m
[Yt] yt_grAZ4aswyhk descartado: 14m < 25m
[Yt] yt_rNbTl8a8YnA descartado: 12m < 25m
[Yt] yt_oMe_LKY4_x0 descartado: 9m < 25m
[Yt] yt_K9iGVYQ3Tdc descartado: 7m < 25m
[Yt] yt_U_Az5LUeDuk descartado: 6m < 25m
[Yt] yt_R52Xzo9DOho descartado: 7m < 25m
[Yt] yt_dzeeQygDIZI descartado: 7m < 25m
[Yt] yt_xoDONicMLlE ya procesado
[Yt] yt_e4XafjZYF68 ya procesado
[Yt] yt_OX4Htlr-qno ya procesado
[Yt] yt_eesY9hZzoBg descartado: 4m < 25m
[Yt] yt_MapO1ADx4TI ya procesado
[Yt] yt_lO7cJthR5fg ya procesado
[Yt] yt_MS7HUzxkogA descartado: 4m < 25m
[Yt] yt_z2kYMMIzOpg ya procesado
[Yt] yt__Yl4YmkwlMU ya procesado
[Yt] yt_sOMuBctT1rs ya procesado
[Yt] yt_rX30fzNYgog ya procesado
[Yt] yt_o1z_DxmifLY ya procesado
[Yt] Canal: Red Pill (Min: 5m)
ERROR: [youtube] gG2MvBNVtKk: This live event will begin in 14 hours.
[Yt] Error metadata https://www.youtube.com/watch?v=gG2MvBNVtKk: ERROR: [youtube] gG2MvBNVtKk: This live event will begin in 14 hours.
[Yt] yt_gG2MvBNVtKk sin datos, saltando
[Yt] yt_UxwdeHhUJzE ya procesado
[Yt] yt__RdT1teizS0 más de 10 días
[Yt] Canal: La contracronica (Min: 5m)
[Yt] yt_kqNGgGxR4rs ya procesado
[Yt] yt_UL6OSgUbh5o ya procesado
[Yt] yt_P85n2uncVAs ya procesado
ERROR: [youtube] kE3e8hhm0Oc: Join this channel to get access to members-only content like this video, and other exclusive perks.
[Yt] Error metadata https://www.youtube.com/watch?v=kE3e8hhm0Oc: ERROR: [youtube] kE3e8hhm0Oc: Join this channel to get access to members-only content like this video, and other exclusive perks.
[Yt] yt_kE3e8hhm0Oc sin datos, saltando
[Yt] yt_KdMSpo_XlDU ya procesado
ERROR: [youtube] rwqXYU1gPGI: Join this channel to get access to members-only content like this video, and other exclusive perks.
[Yt] Error metadata https://www.youtube.com/watch?v=rwqXYU1gPGI: ERROR: [youtube] rwqXYU1gPGI: Join this channel to get access to members-only content like this video, and other exclusive perks.
[Yt] yt_rwqXYU1gPGI sin datos, saltando
[Yt] yt_Yh9hMd5BznY ya procesado
[Yt] yt_2zYsbmlg7yI ya procesado
[Yt] yt_62QZb1F5-Ec ya procesado
[Yt] yt_LGU1JqUKwaI ya procesado
[Yt] yt_oOdWQSIFU4s ya procesado
[Yt] yt_RuDP-EQNGak ya procesado
[Yt] yt_OgfvV9JXByU ya procesado
[Yt] yt_E1AblwgOqfc ya procesado
[Yt] yt_ysCO0RNrbh8 ya procesado
[Yt] yt__iMeNJFM04A ya procesado
ERROR: [youtube] U_e7b2vJGko: Join this channel to get access to members-only content like this video, and other exclusive perks.
[Yt] Error metadata https://www.youtube.com/watch?v=U_e7b2vJGko: ERROR: [youtube] U_e7b2vJGko: Join this channel to get access to members-only content like this video, and other exclusive perks.
[Yt] yt_U_e7b2vJGko sin datos, saltando
[Yt] yt_gxmomm07rr8 ya procesado
[Yt] yt_7HFvO86d9MQ ya procesado
[Yt] yt_T0W59AXJvag ya procesado
[Yt] yt_oOUnn6modpA ya procesado
[Yt] yt_RkPrKxvb4L0 ya procesado
[Yt] yt_pe9nTNMxkUo ya procesado
[Yt] yt__odu07G2CiQ ya procesado
[Yt] yt_Wm4AS-J4ka4 más de 10 días
[Yt] Canal: Punto de vista (Min: 5m)
[Yt] yt_Hko7vDwXWHI ya procesado
[Yt] yt_ysndiDfnAWk más de 10 días
[Yt] Canal: LordDraugr (Min: 5m)
[Yt] yt_Yrbq7VRFky8 ya procesado
[Yt] yt_OqqZkiguIKo ya procesado
[Yt] yt_NFipm-uCEO8 más de 10 días
[Tw] Procesando canal: Jordi Llatzer
[Tw] Bajando audio: twt_2705895770
[Tw] Ejecutando: twitch-dl download 2705895770 -q audio_only --output /data/audio/twt_2705895770.mkv --auth-token t2xgoiw1neylxeyplvip74wpb69rwj
[Tw] Convirtiendo a MP3: ffmpeg -y -i /data/audio/twt_2705895770.mkv -ac 1 -acodec libmp3lame -b:a 64k /data/audio/twt_2705895770.mp3
[Tw] Añadido: Jordi Llatzer — La ESPAÑA de LOS HEREDORES de CASAS: Por qué el fenómeno va a air a MÁS
[Tw] twt_2704126833 ya procesado
[Tw] twt_2702278596 ya procesado
[Tw] twt_2699666874 ya procesado
[Tw] twt_2697893067 ya procesado
[Kc] Config → content=vods, limit=1, limit_days=5, audio_bitrate=64k
[Kc] Procesando canal: Jordi Llatzer (jordillatzer)
[Kick] Sin VODs para jordillatzer
[Fd] generado en /data/feed.xml
[Fd] Feed ok con 100 episodios
[Rc] Feed subido
[Rc] Subiendo todos los .mp3 desde /data/audio → Sherlockes78_GD:/sherlocaster
[Rc] Subida de carpeta audio OK
[Rc] Borrando > 15 días
[Rc] Limpieza remota OK
