[Yt] Canal: Oliver Nabani
[Yt] yt_IM-WDOL4q60 más de 10 días
[Yt] Canal: Jordi LLatzer
[Yt] yt_UDZUuJYz3l4 más de 10 días
[Yt] Canal: Wall Street Wolverine
[Yt] yt_aBD9gOejbwk ya procesado
[Yt] yt_UPlIU_xEJtE ya procesado
[Yt] yt_vV_u1yycHFU ya procesado
[Yt] yt_0GfLKpmoEus ya procesado
[Yt] yt_al6cHzSr870 ya procesado
[Yt] yt_NWiNnPuOc64 ya procesado
[Yt] yt_jeK2Z5t2rjY ya procesado
[Yt] yt_r39nqGFZqI0 ya procesado
[Yt] yt_-M3AwOe9fUA ya procesado
[Yt] yt_dRAW-g6lVA4 ya procesado
[Yt] yt_Z_llziVlHRw ya procesado
[Yt] yt_SK7YMCJ15wM ya procesado
[Yt] yt_yDhHnANQt7M más de 10 días
[Yt] Canal: Solo Fonseca
[Yt] yt_yreFEkX7QwU ya procesado
[Yt] yt_ywXCAuEySlk ya procesado
[Yt] yt_cF0ZffpPq1c ya procesado
[Yt] yt_S4oM9htx5oE ya procesado
[Yt] yt_dDvKaGGxm6s ya procesado
[Yt] yt__EyE32VUw4A ya procesado
[Yt] yt_DzjnZmswLCE ya procesado
[Yt] yt_Sb_Bh1xiQsM más de 10 días
[Yt] Canal: Marc Vidal
[Yt] yt_ame0DumeRGI ya procesado
[Yt] yt_Ig_kdbLSppo ya procesado
[Yt] yt_PnqWLr3h-z4 ya procesado
[Yt] yt_3LiCJbjgFBM ya procesado
[Yt] yt_BSCDt6x6zug ya procesado
[Yt] yt_b6V-rB5Ma0w ya procesado
[Yt] yt_uoFmpd0RILw más de 10 días
[Yt] Canal: WorldCast
[Yt] yt_wd3wB_c0ef0 ya procesado
[Yt] yt_boFSbRoi9pM ya procesado
[Yt] yt_Z00KcgBX75U más de 10 días
[Yt] Canal: Dross Rotzank
[Yt] yt_iCznjSPkpA8 ya procesado
[Yt] yt_IhIIgqo8YYM ya procesado
[Yt] yt_vVlV9CSLu3A ya procesado
[Yt] yt_X5CELAJeYes ya procesado
[Yt] yt_ti7uR5HP6YE ya procesado
[Yt] yt_Pu9Aw_fExJ8 más de 10 días
[Yt] Canal: The Wild Project
[Yt] yt_7a43ucvxghk ya procesado
[Yt] yt_DqOMq7rM0SU ya procesado
[Yt] yt_ZUSyN4FiHAs ya procesado
[Yt] yt_VEX9fnHkV_A ya procesado
[Yt] yt_OtxPDcBOuoo ya procesado
[Yt] yt_Ny_m8u-a6N0 ya procesado
[Yt] yt_HN-7D3QVXtE ya procesado
[Yt] yt_ucZ5GI6mxoI ya procesado
[Yt] yt_EGgxAZ4Rwvc ya procesado
[Yt] yt_dJDKlo408WE ya procesado
[Yt] yt_7YKmE4jg4do ya procesado
[Yt] yt_RFfnwc3xqYQ ya procesado
[Yt] yt_aUR7sm2Ha1Q ya procesado
[Yt] yt_GV2cAGYGDzU ya procesado
[Yt] yt_l_uz33uCiW8 ya procesado
[Yt] yt_U0P72xHYCZg ya procesado
[Yt] yt_Su85hnDZ7iY ya procesado
[Yt] yt_c4OfKBbGKEE ya procesado
[Yt] yt_Pnke3eR5MFc ya procesado
[Yt] yt_lSEv86mQrZw ya procesado
[Yt] yt_4dVEE0XDtqo ya procesado
[Yt] yt_lalkYqBUHZI ya procesado
[Yt] yt_nU3PXSi-DCs ya procesado
[Yt] yt_FaHr5oSWQSs más de 10 días
[Yt] Canal: Red Pill
[Yt] yt__RdT1teizS0 ya procesado
[Yt] yt_bxs086r2aIQ ya procesado
[Yt] yt_FsyCdAJpopM ya procesado
[Yt] yt_dumO_6S7FoQ más de 10 días
[Yt] Canal: La contracronica
[Yt] yt_oOUnn6modpA ya procesado
[Yt] yt_RkPrKxvb4L0 ya procesado
[Yt] yt_pe9nTNMxkUo ya procesado
[Yt] yt__odu07G2CiQ ya procesado
[Yt] yt_Wm4AS-J4ka4 ya procesado
[Yt] yt_FQopuj7QdFo ya procesado
[Yt] yt_oDT9d0fzBI0 ya procesado
ERROR: [youtube] Nw7aoFMfqic: Join this channel to get access to members-only content like this video, and other exclusive perks.
[Yt] Error metadata https://www.youtube.com/watch?v=Nw7aoFMfqic: ERROR: [youtube] Nw7aoFMfqic: Join this channel to get access to members-only content like this video, and other exclusive perks.
[Yt] yt_Nw7aoFMfqic sin datos, saltando
[Yt] yt_giInSCt7mgk ya procesado
[Yt] yt_ODEcF725Qss ya procesado
[Yt] yt_mchU8zZmcbE ya procesado
[Yt] yt_xbkWenAoX60 ya procesado
[Yt] yt_TsQ4rnWpYCA ya procesado
[Yt] yt_IT6uPkz9DEU ya procesado
[Yt] yt_OUEI0YD8U-4 ya procesado
[Yt] yt_7mF01dtE8uo ya procesado
[Yt] yt_isJp7sXKsiQ ya procesado
[Yt] yt__TBL_IYCy_w ya procesado
ERROR: [youtube] B7OnAIIN4Nc: Join this channel to get access to members-only content like this video, and other exclusive perks.
[Yt] Error metadata https://www.youtube.com/watch?v=B7OnAIIN4Nc: ERROR: [youtube] B7OnAIIN4Nc: Join this channel to get access to members-only content like this video, and other exclusive perks.
[Yt] yt_B7OnAIIN4Nc sin datos, saltando
[Yt] yt_5lz0oR5cN9c ya procesado
[Yt] yt_ZquJmroqG6c ya procesado
[Yt] yt_9ajiWuZYd5I ya procesado
[Yt] yt_Elg8pfh7rLE ya procesado
[Yt] yt_KGFmI6WxLtQ ya procesado
[Yt] yt_4mPh-kvTlMg más de 10 días
[Yt] Canal: Punto de vista
[Yt] yt_ysndiDfnAWk ya procesado
[Yt] yt_RnpEE1Tsto0 ya procesado
[Yt] yt_eAmfAart2-0 ya procesado
[Yt] yt__-zRAY5lzac más de 10 días
[Yt] Canal: LordDraugr
[Yt] yt_NFipm-uCEO8 más de 10 días
[Tw] Procesando canal: Jordi Llatzer
[Tw] twt_2693502251 ya procesado
[Tw] twt_2692745331 ya procesado
[Tw] twt_2692735394 ya procesado
[Tw] twt_2691863303 ya procesado
[Tw] twt_2690838618 ya procesado
[Kc] Disabled → saltando
[Fd] generado en /data/feed.xml
[Fd] Feed ok con 100 episodios
[Rc] Feed subido
[Rc] Subiendo todos los .mp3 desde /data/audio → Sherlockes78_GD:/sherlocaster
[Rc] Subida de carpeta audio OK
[Rc] Borrando > 15 días
[Rc] Limpieza remota OK
