=== Inicio de ejecución: 2026-04-08 08:00:02.081190+00:00 ===
[Yt] Canal: Oliver Nabani (Min: 5m)
[Yt] yt_mCgQ1jGcWMQ ya procesado
[Yt] yt_yEd55cqSfk4 ya procesado
[Yt] yt_yw4mzu-Nyj0 ya procesado
[Yt] yt_IM-WDOL4q60 más de 10 días
[Yt] Canal: Jordi LLatzer (Min: 5m)
[Yt] yt_ofexGbwwSYw ya procesado
[Yt] yt_UDZUuJYz3l4 más de 10 días
[Yt] Canal: Jordi LLatzer Inversion (Min: 5m)
[Yt] yt_dntiidM5TjQ ya procesado
[Yt] yt_RSe_1C6Tuyo ya procesado
[Yt] yt_Wz_3Z5zIKZg ya procesado
[Yt] yt_9X6pGbgHigU ya procesado
[Yt] yt_l5KJ0t0JxZo ya procesado
[Yt] yt_g0iyFyR4d-I ya procesado
[Yt] yt_2SpNqJSqT4o ya procesado
[Yt] yt_klaRjPDVs-c ya procesado
[Yt] yt_Md9gEOMY4Ko ya procesado
[Yt] yt_g2OvVTRF7cs ya procesado
[Yt] Canal: Wall Street Wolverine (Min: 20m)
[Yt] yt_nKZZjFois3c ya procesado
[Yt] yt_pBXGq8BuCwA ya procesado
[Yt] yt_tg1Q_IeTunU ya procesado
[Yt] yt_CwvIK-Ot37Q ya procesado
[Yt] yt_NUSm0PztqaM ya procesado
[Yt] yt_MrDNRk6nO2c ya procesado
[Yt] yt_n5loz0jCeJM ya procesado
[Yt] yt_z6WOD62e9tw ya procesado
[Yt] yt_SxPS9LU8hwk ya procesado
[Yt] yt_EfP7Aw08PGI ya procesado
[Yt] yt_JG2O3pYGnYQ ya procesado
[Yt] yt_iJbGdIEUICo ya procesado
[Yt] yt_s2CVX_MQxO0 ya procesado
[Yt] yt_k-loSwWlKO8 ya procesado
[Yt] yt_6ihHnTkRNFg ya procesado
[Yt] yt_8kJu_2kUYwI ya procesado
[Yt] yt_R0isiQb9ltI ya procesado
[Yt] yt_YY5572Xm3ks ya procesado
[Yt] yt_nW28DlUhZ3A ya procesado
[Yt] yt_d6mc-4pMFpQ ya procesado
[Yt] yt_bDUSejCbVb4 más de 10 días
[Yt] Canal: Solo Fonseca (Min: 5m)
[Yt] yt_TSlKrlm2HDc ya procesado
[Yt] yt_T1fIJhV4k5Q ya procesado
[Yt] yt_lLaplaYB_Uw ya procesado
[Yt] yt_7N9OE38SW2A ya procesado
[Yt] yt_UPsaUob2Lic ya procesado
[Yt] yt_N0gy8j8RubY ya procesado
[Yt] yt_n6SrbgeLw4M ya procesado
[Yt] yt_AD-vqHdh6wI ya procesado
[Yt] yt_4NjV2HAxQqE ya procesado
[Yt] yt_BqmPGBtcKu8 ya procesado
[Yt] yt_CotICHJqRZM ya procesado
[Yt] yt_dEg5-alogkk ya procesado
[Yt] yt_Ghs1PpD9utk ya procesado
[Yt] yt_jFcfGTNSGMQ ya procesado
[Yt] yt_BwFi-izPKYA ya procesado
[Yt] yt_ziyI3kEbIac ya procesado
[Yt] yt_e_lWB3-jQm0 ya procesado
[Yt] yt_w__qztgNJME ya procesado
[Yt] yt_TvKRyoIUXn4 ya procesado
[Yt] yt_h4CQ2un4pGo ya procesado
[Yt] yt_G131gKXlNTw ya procesado
[Yt] yt_BXIpNjrjSoQ ya procesado
[Yt] yt_cDtxGzJfcOs ya procesado
[Yt] yt_a7f7nys12UU ya procesado
[Yt] yt_hOUZ1FnA6a0 ya procesado
[Yt] Canal: Marc Vidal (Min: 5m)
[Yt] yt_YskcIOR-Co8 ya procesado
[Yt] yt_ctutUqcrVrk ya procesado
[Yt] yt_wVuyQy9boGw ya procesado
[Yt] yt_SaoQ6bsSjPU ya procesado
[Yt] yt_RxpJCGoTTUE ya procesado
[Yt] yt_bTTxoXzSzvI ya procesado
[Yt] yt_GnRs61U1fJM ya procesado
[Yt] yt_MYX7Y_Yjbbs ya procesado
[Yt] yt_zybSQdejUl4 ya procesado
[Yt] yt_ncy-vBRMxFE ya procesado
[Yt] yt_fhyWz9247xY ya procesado
[Yt] yt_MVXjYyRgctc ya procesado
[Yt] yt_6pPY-GCmTNQ ya procesado
[Yt] yt_X83TKHbxLd8 ya procesado
[Yt] yt_grJ2pHwtptE ya procesado
[Yt] yt_UaDF2wsuA2A ya procesado
[Yt] yt_543oO15p3HA ya procesado
[Yt] yt_vNW2FjhdLKo ya procesado
[Yt] yt_yxpaYjfHWJ8 ya procesado
[Yt] yt_z8ceKoIT4Ls ya procesado
[Yt] yt_vaeqM-iP3b0 ya procesado
[Yt] yt_wWu3aCaWA98 ya procesado
[Yt] yt_6fejh_pIgNM ya procesado
[Yt] yt_OP0E7-I9hWU ya procesado
[Yt] yt_O_PMGpbx7PI ya procesado
[Yt] Canal: WorldCast (Min: 5m)
[Yt] yt_AAPcUwWHXCs ya procesado
[Yt] yt_NWfMNnZ-C4s ya procesado
[Yt] yt_QLl2TsaXTg0 ya procesado
[Yt] yt_u4GpgVoSv2Y ya procesado
[Yt] yt_2bp35holHKk ya procesado
[Yt] yt_zYmH-59KakM ya procesado
[Yt] yt_uNWwdLTCmVc ya procesado
[Yt] yt_TcBozICjNnw ya procesado
[Yt] yt_fmRKT-E2mOo ya procesado
[Yt] yt_N7tl2vaYgtA ya procesado
[Yt] yt_SBcdEUIooWs ya procesado
[Yt] yt_PX_DM0UsPXM ya procesado
[Yt] yt_a79SN79brZM ya procesado
[Yt] yt_wd3wB_c0ef0 ya procesado
[Yt] yt_boFSbRoi9pM más de 10 días
[Yt] Canal: Dross Rotzank (Min: 5m)
[Yt] yt_3gaPDjxYfsU ya procesado
[Yt] yt_vBW6BlcL9Yo ya procesado
[Yt] yt_o74JBjUusXc ya procesado
[Yt] yt_2EdJVW24WFU ya procesado
[Yt] yt_Wi5SOTzAKuo ya procesado
[Yt] yt_GGUXf5iFnbg ya procesado
[Yt] yt_LANJywmkHK4 ya procesado
[Yt] yt_Yw37KeRmQSA ya procesado
[Yt] yt_nGRcc6GBEO4 ya procesado
[Yt] yt_Wll8DJIaEHU ya procesado
[Yt] yt_-9IefebxBgw ya procesado
[Yt] yt_CMptX_QT7LU ya procesado
[Yt] yt_MQ5xK7xeb8w ya procesado
[Yt] yt_XGhQ6TzpX2E ya procesado
[Yt] yt_QrA4wLF8--Y ya procesado
[Yt] yt_7OtcHp4NeKA ya procesado
[Yt] yt_rGEoxKhS_Nc ya procesado
[Yt] yt_MXUzORtLZdM ya procesado
[Yt] yt_QF7D1RstpQ0 ya procesado
[Yt] yt_Qc6UB9HBiGI ya procesado
[Yt] yt_hOmBqBDPjQA ya procesado
[Yt] yt_EplNEHQUOUc ya procesado
[Yt] yt_2KFvdwBEhIM ya procesado
[Yt] yt_EYSjommv15A ya procesado
[Yt] yt_xCfl4sO-GDE ya procesado
[Yt] Canal: The Wild Project (Min: 25m)
[Yt] yt_Dkw6IJ9keb4 ya procesado
[Yt] yt_zXd7K3_CLtM ya procesado
[Yt] yt_S-GfMwdfPOo ya procesado
[Yt] yt_QW9rZhap288 ya procesado
[Yt] yt_E0hJdsq6lV8 ya procesado
[Yt] yt_-ZPJZCBovfs ya procesado
[Yt] yt_JgCfzZRiNXc ya procesado
[Yt] yt__KYKvJ0g-jE ya procesado
[Yt] yt_nbjPXwVd43c ya procesado
[Yt] yt_LhZLH5RiI-g ya procesado
[Yt] yt_c8zctPJJ0js ya procesado
[Yt] yt_CtYLgko-mOg ya procesado
[Yt] yt_ez9_d5SU250 ya procesado
[Yt] yt_A9tAyZSnKS4 ya procesado
[Yt] yt_DXQN8DWwM3Q ya procesado
[Yt] yt_eSCMAPpcZmk ya procesado
[Yt] yt_3jeZwPpiQ7s ya procesado
[Yt] yt_LY9UzkA8Tdk ya procesado
[Yt] yt_IP23vz3fqC0 ya procesado
[Yt] yt_kmLXeykemME ya procesado
[Yt] yt_FC4QRH6qOdI ya procesado
[Yt] yt_RpBWCl75KGI ya procesado
[Yt] yt_5HB-Tu2m0AI ya procesado
[Yt] yt_exck-qSikKs ya procesado
[Yt] yt_V-NgAoazR6Q ya procesado
[Yt] Canal: Red Pill (Min: 5m)
ERROR: [youtube] iVQy_NoaSy8: This live event will begin in 9 hours.
[Yt] Error metadata https://www.youtube.com/watch?v=iVQy_NoaSy8: ERROR: [youtube] iVQy_NoaSy8: This live event will begin in 9 hours.
[Yt] yt_W1vqWmBpULM ya procesado
[Yt] yt_vgPFsQAfRfo ya procesado
[Yt] yt_YoXZUwW4YgI ya procesado
[Yt] yt_7rvNznbcyh0 ya procesado
[Yt] yt_YAhdwjyWDaA ya procesado
[Yt] yt_gG2MvBNVtKk ya procesado
[Yt] yt_UxwdeHhUJzE ya procesado
[Yt] yt__RdT1teizS0 más de 10 días
[Yt] Canal: La contracronica (Min: 5m)
[Yt] yt_dZiYHi6OZes ya procesado
[Yt] yt_6tl8pUwyq8Q ya procesado
[Yt] yt_QNlDLwDiUk8 ya procesado
[Yt] yt_n7vA9Fyvm9w ya procesado
[Yt] yt_oKYnxNn6vHg ya procesado
[Yt] yt__MIfU9WAAsI ya procesado
[Yt] yt_iuf30L1aqxM ya procesado
[Yt] yt_mT9mtltJxx8 ya procesado
[Yt] yt_DPCzC51CmnQ ya procesado
[Yt] yt_DCV0fSuUlxs ya procesado
[Yt] yt_Q-w3wNiyysw ya procesado
[Yt] yt_g3J5XqaWbBM ya procesado
[Yt] yt_MN47nnCp09w ya procesado
[Yt] yt_URB7J2BnlcQ ya procesado
[Yt] yt_nqMC7P2Iw-Q ya procesado
[Yt] yt_Ishfa6t3nNY ya procesado
[Yt] yt_EEFxlP2bIs8 ya procesado
[Yt] yt_QGYLAtwJwKk ya procesado
[Yt] yt_xf1ifpAU8lU ya procesado
[Yt] yt_U_j_cKJYvBk ya procesado
[Yt] yt_FDLteBjJtEs ya procesado
[Yt] yt_Zm8Tm-0lmaM ya procesado
[Yt] yt_VrDff1C2MWU ya procesado
[Yt] yt_3-gnzCIJHFk ya procesado
[Yt] yt_dB9cK394SCY ya procesado
[Yt] Canal: Punto de vista (Min: 5m)
[Yt] yt_4FUWVSSxdHE ya procesado
[Yt] yt_AylOF1qTMz0 ya procesado
[Yt] yt_gYinDvsTYjU ya procesado
[Yt] yt__C5LE5Kg7ms ya procesado
[Yt] yt_Hko7vDwXWHI ya procesado
[Yt] yt_ysndiDfnAWk más de 10 días
[Yt] Canal: LordDraugr (Min: 5m)
[Yt] yt_MZMxPYirZQ8 ya procesado
[Yt] yt_GV5C3NYQKPA ya procesado
[Yt] yt_czaE0cG5d28 ya procesado
[Yt] yt_F0OU6T9kFWM ya procesado
[Yt] yt_1EJ9TvaVVTs ya procesado
[Yt] yt_Yrbq7VRFky8 ya procesado
[Yt] yt_OqqZkiguIKo ya procesado
[Yt] yt_NFipm-uCEO8 más de 10 días
[Tw] Procesando canal: Jordi Llatzer
[Tw] twt_2740845204 ya procesado
[Tw] twt_2739139332 ya procesado
[Tw] twt_2737469537 ya procesado
[Tw] twt_2735825894 ya procesado
[Tw] twt_2735049539 ya procesado
[Kc] Config → content=vods, limit=1, limit_days=5, audio_bitrate=64k
[Kc] Procesando canal: Jordi Llatzer (jordillatzer)
[Kick] Sin VODs para jordillatzer
[Fd] generado en /data/feed.xml
[Fd] Feed ok con 345 episodios
[Tg] No hay episodios nuevos. El Mayordomo guarda silencio.
[Rc] Feed subido
[Rc] Subiendo todos los .mp3 desde /data/audio → Sherlockes78_GD:/sherlocaster
[Rc] Subida de carpeta audio OK
[Rc] Borrando > 15 días
[Rc] Limpieza remota OK
