[Yt] Canal: Oliver Nabani (Min: 5m)
[Yt] yt_yw4mzu-Nyj0 ya procesado
[Yt] yt_IM-WDOL4q60 más de 10 días
[Yt] Canal: Jordi LLatzer (Min: 5m)
[Yt] yt_ofexGbwwSYw ya procesado
[Yt] yt_UDZUuJYz3l4 más de 10 días
[Yt] Canal: Jordi LLatzer Inversion (Min: 5m)
[Yt] yt_9X6pGbgHigU ya procesado
[Yt] yt_l5KJ0t0JxZo ya procesado
[Yt] yt_g0iyFyR4d-I ya procesado
[Yt] yt_2SpNqJSqT4o ya procesado
[Yt] yt_klaRjPDVs-c ya procesado
[Yt] yt_Md9gEOMY4Ko ya procesado
[Yt] yt_g2OvVTRF7cs ya procesado
[Yt] Canal: Wall Street Wolverine (Min: 20m)
[Yt] yt_EfP7Aw08PGI descartado: 7m < 20m
[Yt] yt_JG2O3pYGnYQ descartado: 11m < 20m
[Yt] yt_iJbGdIEUICo descartado: 9m < 20m
[Yt] yt_s2CVX_MQxO0 descartado: 8m < 20m
[Yt] yt_k-loSwWlKO8 descartado: 15m < 20m
[Yt] yt_6ihHnTkRNFg descartado: 9m < 20m
[Yt] yt_8kJu_2kUYwI ya procesado
[Yt] yt_R0isiQb9ltI descartado: 8m < 20m
[Yt] yt_YY5572Xm3ks descartado: 11m < 20m
[Yt] yt_nW28DlUhZ3A descartado: 8m < 20m
[Yt] yt_d6mc-4pMFpQ descartado: 10m < 20m
[Yt] yt_bDUSejCbVb4 descartado: 9m < 20m
[Yt] yt_GbhAgj2iQgQ más de 10 días
[Yt] Canal: Solo Fonseca (Min: 5m)
[Yt] yt_AD-vqHdh6wI ya procesado
[Yt] yt_4NjV2HAxQqE ya procesado
[Yt] yt_BqmPGBtcKu8 ya procesado
[Yt] yt_CotICHJqRZM ya procesado
[Yt] yt_dEg5-alogkk ya procesado
[Yt] yt_Ghs1PpD9utk ya procesado
[Yt] yt_jFcfGTNSGMQ ya procesado
[Yt] yt_BwFi-izPKYA ya procesado
[Yt] yt_ziyI3kEbIac ya procesado
[Yt] yt_e_lWB3-jQm0 ya procesado
[Yt] yt_w__qztgNJME ya procesado
[Yt] yt_TvKRyoIUXn4 ya procesado
[Yt] yt_h4CQ2un4pGo ya procesado
[Yt] yt_G131gKXlNTw ya procesado
[Yt] yt_BXIpNjrjSoQ ya procesado
[Yt] yt_cDtxGzJfcOs ya procesado
[Yt] yt_a7f7nys12UU ya procesado
[Yt] yt_hOUZ1FnA6a0 ya procesado
[Yt] yt_bsJMg-gf_mo ya procesado
[Yt] yt_m-AxoVGTNwM ya procesado
[Yt] yt_MlXSfNdRJSQ ya procesado
[Yt] yt_M9a8djD5ETI ya procesado
[Yt] yt_FlOb_aUId34 ya procesado
[Yt] yt_zma0Z8G5qj4 ya procesado
[Yt] yt_t_R4JhfWIAE ya procesado
[Yt] Canal: Marc Vidal (Min: 5m)
[Yt] yt_RxpJCGoTTUE ya procesado
[Yt] yt_bTTxoXzSzvI ya procesado
[Yt] yt_GnRs61U1fJM ya procesado
ERROR: [youtube] MYX7Y_Yjbbs: Join this channel to get access to members-only content like this video, and other exclusive perks.
[Yt] Error metadata https://www.youtube.com/watch?v=MYX7Y_Yjbbs: ERROR: [youtube] MYX7Y_Yjbbs: Join this channel to get access to members-only content like this video, and other exclusive perks.
[Yt] yt_MYX7Y_Yjbbs sin datos, saltando
ERROR: [youtube] zybSQdejUl4: Join this channel to get access to members-only content like this video, and other exclusive perks.
[Yt] Error metadata https://www.youtube.com/watch?v=zybSQdejUl4: ERROR: [youtube] zybSQdejUl4: Join this channel to get access to members-only content like this video, and other exclusive perks.
[Yt] yt_zybSQdejUl4 sin datos, saltando
ERROR: [youtube] ncy-vBRMxFE: Join this channel to get access to members-only content like this video, and other exclusive perks.
[Yt] Error metadata https://www.youtube.com/watch?v=ncy-vBRMxFE: ERROR: [youtube] ncy-vBRMxFE: Join this channel to get access to members-only content like this video, and other exclusive perks.
[Yt] yt_ncy-vBRMxFE sin datos, saltando
ERROR: [youtube] fhyWz9247xY: Join this channel to get access to members-only content like this video, and other exclusive perks.
[Yt] Error metadata https://www.youtube.com/watch?v=fhyWz9247xY: ERROR: [youtube] fhyWz9247xY: Join this channel to get access to members-only content like this video, and other exclusive perks.
[Yt] yt_fhyWz9247xY sin datos, saltando
[Yt] yt_MVXjYyRgctc ya procesado
[Yt] yt_6pPY-GCmTNQ ya procesado
[Yt] yt_X83TKHbxLd8 ya procesado
[Yt] yt_grJ2pHwtptE ya procesado
[Yt] yt_UaDF2wsuA2A ya procesado
[Yt] yt_543oO15p3HA ya procesado
[Yt] yt_vNW2FjhdLKo ya procesado
[Yt] yt_yxpaYjfHWJ8 ya procesado
[Yt] yt_z8ceKoIT4Ls ya procesado
[Yt] yt_vaeqM-iP3b0 ya procesado
[Yt] yt_wWu3aCaWA98 ya procesado
[Yt] yt_6fejh_pIgNM ya procesado
[Yt] yt_OP0E7-I9hWU ya procesado
[Yt] yt_O_PMGpbx7PI ya procesado
[Yt] yt_Td0ABqgypQU ya procesado
[Yt] yt_oYzZO6p0f4c ya procesado
[Yt] yt_4Q3VJUI5zN8 ya procesado
[Yt] yt_gOLFffIZ4Hc ya procesado
[Yt] Canal: WorldCast (Min: 5m)
[Yt] yt_QLl2TsaXTg0 ya procesado
[Yt] yt_u4GpgVoSv2Y ya procesado
[Yt] yt_2bp35holHKk ya procesado
[Yt] yt_zYmH-59KakM ya procesado
[Yt] yt_uNWwdLTCmVc ya procesado
[Yt] yt_TcBozICjNnw ya procesado
[Yt] yt_fmRKT-E2mOo ya procesado
[Yt] yt_N7tl2vaYgtA ya procesado
[Yt] yt_SBcdEUIooWs ya procesado
[Yt] yt_PX_DM0UsPXM ya procesado
[Yt] yt_a79SN79brZM ya procesado
[Yt] yt_wd3wB_c0ef0 ya procesado
[Yt] yt_boFSbRoi9pM más de 10 días
[Yt] Canal: Dross Rotzank (Min: 5m)
[Yt] yt_GGUXf5iFnbg ya procesado
[Yt] yt_LANJywmkHK4 ya procesado
[Yt] yt_Yw37KeRmQSA ya procesado
[Yt] yt_nGRcc6GBEO4 ya procesado
[Yt] yt_Wll8DJIaEHU ya procesado
[Yt] yt_-9IefebxBgw ya procesado
[Yt] yt_CMptX_QT7LU ya procesado
[Yt] yt_MQ5xK7xeb8w ya procesado
[Yt] yt_XGhQ6TzpX2E ya procesado
[Yt] yt_QrA4wLF8--Y ya procesado
[Yt] yt_7OtcHp4NeKA ya procesado
[Yt] yt_rGEoxKhS_Nc ya procesado
[Yt] yt_MXUzORtLZdM ya procesado
[Yt] yt_QF7D1RstpQ0 ya procesado
[Yt] yt_Qc6UB9HBiGI ya procesado
[Yt] yt_hOmBqBDPjQA ya procesado
[Yt] yt_EplNEHQUOUc ya procesado
[Yt] yt_2KFvdwBEhIM ya procesado
[Yt] yt_EYSjommv15A ya procesado
[Yt] yt_xCfl4sO-GDE ya procesado
[Yt] yt_1quag0soLUI ya procesado
[Yt] yt_TEGlePVRSvE ya procesado
[Yt] yt_iCznjSPkpA8 ya procesado
[Yt] yt_IhIIgqo8YYM más de 10 días
[Yt] Canal: The Wild Project (Min: 25m)
[Yt] yt_P31kzd18-pc descartado: 9m < 25m
[Yt] yt_-UOhwOvjO9s descartado: 16m < 25m
[Yt] yt_As1CSUuqq1k ya procesado
[Yt] yt_6JZPyXyy8jE descartado: 13m < 25m
[Yt] yt_5Zon376qsc4 descartado: 9m < 25m
[Yt] yt_dn-5p1WPiMs descartado: 16m < 25m
[Yt] yt_TcGNDUq_4Sk ya procesado
[Yt] yt_LKS9wARJ3CM descartado: 7m < 25m
[Yt] yt_hSRYhMs8Br0 descartado: 5m < 25m
[Yt] yt_Y_XjBiexanI descartado: 13m < 25m
[Yt] yt_SytU5fWwQa0 descartado: 18m < 25m
[Yt] yt_Jkg9QyJnZfw descartado: 10m < 25m
[Yt] yt_Q9jaJk51yo8 descartado: 8m < 25m
[Yt] yt_Ig1zK0y7EvQ descartado: 13m < 25m
[Yt] yt_dq-NbzBAFpk descartado: 12m < 25m
[Yt] yt_pB6RkfblNeY ya procesado
[Yt] yt_XIxlZeYJjnQ descartado: 12m < 25m
[Yt] yt__vwkTWZXwUY descartado: 8m < 25m
[Yt] yt_0ZiOxubVVXo más de 10 días
[Yt] Canal: Red Pill (Min: 5m)
[Yt] yt_vgPFsQAfRfo ya procesado
[Yt] yt_YoXZUwW4YgI ya procesado
[Yt] yt_7rvNznbcyh0 ya procesado
[Yt] yt_YAhdwjyWDaA ya procesado
[Yt] yt_gG2MvBNVtKk ya procesado
[Yt] yt_UxwdeHhUJzE ya procesado
[Yt] yt__RdT1teizS0 más de 10 días
[Yt] Canal: La contracronica (Min: 5m)
ERROR: [youtube] nqMC7P2Iw-Q: Join this channel to get access to members-only content like this video, and other exclusive perks.
[Yt] Error metadata https://www.youtube.com/watch?v=nqMC7P2Iw-Q: ERROR: [youtube] nqMC7P2Iw-Q: Join this channel to get access to members-only content like this video, and other exclusive perks.
[Yt] yt_nqMC7P2Iw-Q sin datos, saltando
[Yt] yt_Ishfa6t3nNY ya procesado
[Yt] yt_EEFxlP2bIs8 ya procesado
ERROR: [youtube] QGYLAtwJwKk: Join this channel to get access to members-only content like this video, and other exclusive perks.
[Yt] Error metadata https://www.youtube.com/watch?v=QGYLAtwJwKk: ERROR: [youtube] QGYLAtwJwKk: Join this channel to get access to members-only content like this video, and other exclusive perks.
[Yt] yt_QGYLAtwJwKk sin datos, saltando
[Yt] yt_xf1ifpAU8lU ya procesado
[Yt] yt_U_j_cKJYvBk ya procesado
[Yt] yt_FDLteBjJtEs ya procesado
[Yt] yt_Zm8Tm-0lmaM ya procesado
[Yt] yt_VrDff1C2MWU ya procesado
[Yt] yt_3-gnzCIJHFk ya procesado
[Yt] yt_dB9cK394SCY ya procesado
[Yt] yt_lFIPaWoDHFM ya procesado
ERROR: [youtube] 9GQ3N1L34bE: Join this channel to get access to members-only content like this video, and other exclusive perks.
[Yt] Error metadata https://www.youtube.com/watch?v=9GQ3N1L34bE: ERROR: [youtube] 9GQ3N1L34bE: Join this channel to get access to members-only content like this video, and other exclusive perks.
[Yt] yt_9GQ3N1L34bE sin datos, saltando
[Yt] yt_T5WAbBcU5B0 ya procesado
[Yt] yt_exVeOGuTuZk ya procesado
[Yt] yt_aNnr-4hIGTE ya procesado
[Yt] yt_bS3ak2c-Jhk ya procesado
[Yt] yt_bRf8uhQZX5I ya procesado
[Yt] yt_BzBQIM0LPSI ya procesado
[Yt] yt_-BMNi2Lw2MY ya procesado
[Yt] yt_m03XuiXuJSw ya procesado
ERROR: [youtube] tcX6uCJ7Cf0: Join this channel to get access to members-only content like this video, and other exclusive perks.
[Yt] Error metadata https://www.youtube.com/watch?v=tcX6uCJ7Cf0: ERROR: [youtube] tcX6uCJ7Cf0: Join this channel to get access to members-only content like this video, and other exclusive perks.
[Yt] yt_tcX6uCJ7Cf0 sin datos, saltando
[Yt] yt_Mu072Ld6uz4 ya procesado
[Yt] yt_WyrwNPDMXBU ya procesado
[Yt] yt_-68wwCnGEaM ya procesado
[Yt] Canal: Punto de vista (Min: 5m)
[Yt] yt_4FUWVSSxdHE ya procesado
[Yt] yt_AylOF1qTMz0 ya procesado
[Yt] yt_gYinDvsTYjU ya procesado
[Yt] yt__C5LE5Kg7ms ya procesado
[Yt] yt_Hko7vDwXWHI ya procesado
[Yt] yt_ysndiDfnAWk más de 10 días
[Yt] Canal: LordDraugr (Min: 5m)
[Yt] yt_GV5C3NYQKPA ya procesado
[Yt] yt_czaE0cG5d28 ya procesado
[Yt] yt_F0OU6T9kFWM ya procesado
[Yt] yt_1EJ9TvaVVTs ya procesado
[Yt] yt_Yrbq7VRFky8 ya procesado
[Yt] yt_OqqZkiguIKo ya procesado
[Yt] yt_NFipm-uCEO8 más de 10 días
[Tw] Procesando canal: Jordi Llatzer
[Tw] Bajando audio: twt_2733322087
[Tw] Ejecutando: twitch-dl download 2733322087 -q audio_only --output /data/audio/twt_2733322087.mkv --auth-token t2xgoiw1neylxeyplvip74wpb69rwj
[Tw] Convirtiendo a MP3: ffmpeg -y -i /data/audio/twt_2733322087.mkv -ac 1 -acodec libmp3lame -b:a 64k /data/audio/twt_2733322087.mp3
[Tw] Añadido: Jordi Llatzer — VERGÜENZA: El CASO de NOELIA RAMOS
[Tw] twt_2730042622 ya procesado
[Tw] twt_2729264259 ya procesado
[Tw] twt_2728389963 ya procesado
[Tw] twt_2725792380 ya procesado
[Kc] Config → content=vods, limit=1, limit_days=5, audio_bitrate=64k
[Kc] Procesando canal: Jordi Llatzer (jordillatzer)
[Kick] Descargando audio desde: https://stream.kick.com/3c81249a5ce0/ivs/v1/196233775518/wTUM7vhoNiLL/2026/3/27/21/36/G4waTQM4SNdT/media/hls/160p30/playlist.m3u8
[Kick] Añadido episodio: kck_102450309
[Kc] Ya existe episodio kck_101919960, saltando
[Fd] generado en /data/feed.xml
[Fd] Feed ok con 288 episodios
[Rc] Feed subido
[Rc] Subiendo todos los .mp3 desde /data/audio → Sherlockes78_GD:/sherlocaster
[Rc] Subida de carpeta audio OK
[Rc] Borrando > 15 días
[Rc] Limpieza remota OK
