[Yt] Canal: Oliver Nabani
[Yt] yt_IM-WDOL4q60 más de 10 días
[Yt] Canal: Jordi LLatzer
[Yt] yt_UDZUuJYz3l4 más de 10 días
[Yt] Canal: Wall Street Wolverine
[Yt] yt_ZIYiLYB3Rd4 ya procesado
[Yt] yt_SxFgZAkBhJA ya procesado
[Yt] yt_KNWHZo7Iv_0 ya procesado
[Yt] yt_zD0cs62TVDg ya procesado
[Yt] yt_S2fDv0MoMvM ya procesado
[Yt] yt_1t-8vF98tTM ya procesado
[Yt] yt_mDhByuYQivw ya procesado
[Yt] yt_cY3WKZ3T9_k ya procesado
[Yt] yt_aBD9gOejbwk ya procesado
[Yt] yt_UPlIU_xEJtE ya procesado
[Yt] yt_vV_u1yycHFU ya procesado
[Yt] yt_0GfLKpmoEus ya procesado
[Yt] yt_al6cHzSr870 ya procesado
[Yt] yt_NWiNnPuOc64 más de 10 días
[Yt] Canal: Solo Fonseca
[Yt] yt_JxTju50km5c ya procesado
[Yt] yt_iX_Pz5yWf1k ya procesado
[Yt] yt_PatdYBFMOeU ya procesado
[Yt] yt_nFw48yKQbpU ya procesado
[Yt] yt_hlBCJLK3r1E ya procesado
[Yt] yt_RKDxfck4hUs ya procesado
[Yt] yt_yreFEkX7QwU ya procesado
[Yt] yt_ywXCAuEySlk ya procesado
[Yt] yt_cF0ZffpPq1c ya procesado
[Yt] yt_S4oM9htx5oE más de 10 días
[Yt] Canal: Marc Vidal
[Yt] yt_YgoPACaRZ7I ya procesado
[Yt] yt_vpbjKCVFYq8 ya procesado
[Yt] yt_82qMULHXUY4 ya procesado
[Yt] yt_J0IjOXbs784 ya procesado
[Yt] yt_mG5MaKHtLJg ya procesado
[Yt] yt_ame0DumeRGI ya procesado
[Yt] yt_Ig_kdbLSppo ya procesado
[Yt] yt_PnqWLr3h-z4 más de 10 días
[Yt] Canal: WorldCast
[Yt] yt_a79SN79brZM ya procesado
[Yt] yt_wd3wB_c0ef0 ya procesado
[Yt] yt_boFSbRoi9pM más de 10 días
[Yt] Canal: Dross Rotzank
[Yt] yt_EYSjommv15A ya procesado
[Yt] yt_xCfl4sO-GDE ya procesado
[Yt] yt_1quag0soLUI ya procesado
[Yt] yt_TEGlePVRSvE ya procesado
[Yt] yt_iCznjSPkpA8 ya procesado
[Yt] yt_IhIIgqo8YYM ya procesado
[Yt] yt_vVlV9CSLu3A ya procesado
[Yt] yt_X5CELAJeYes más de 10 días
[Yt] Canal: The Wild Project
ERROR: [youtube] xoDONicMLlE: Premieres in 7 hours
[Yt] Error metadata https://www.youtube.com/watch?v=xoDONicMLlE: ERROR: [youtube] xoDONicMLlE: Premieres in 7 hours
[Yt] yt_xoDONicMLlE sin datos, saltando
[Yt] yt_e4XafjZYF68 ya procesado
[Yt] yt_OX4Htlr-qno ya procesado
[Yt] yt_eesY9hZzoBg. 4m < 5m
[Yt] yt_MapO1ADx4TI ya procesado
[Yt] yt_lO7cJthR5fg ya procesado
[Yt] yt_MS7HUzxkogA. 4m < 5m
[Yt] yt_z2kYMMIzOpg ya procesado
[Yt] yt__Yl4YmkwlMU ya procesado
[Yt] yt_sOMuBctT1rs ya procesado
[Yt] yt_rX30fzNYgog ya procesado
[Yt] yt_o1z_DxmifLY ya procesado
[Yt] yt_0OHeKemknyY ya procesado
[Yt] yt_evoV2V36p8c ya procesado
[Yt] yt_eKFGWTvQYfw ya procesado
[Yt] yt_iiRTXIHt8Bk ya procesado
[Yt] yt_CtxCiowW7M8 ya procesado
[Yt] yt_TRwPK1nhqJA ya procesado
[Yt] yt_egcRRXv3WVg ya procesado
[Yt] yt_7a43ucvxghk ya procesado
[Yt] yt_DqOMq7rM0SU ya procesado
[Yt] yt_ZUSyN4FiHAs ya procesado
[Yt] yt_VEX9fnHkV_A ya procesado
[Yt] yt_OtxPDcBOuoo ya procesado
[Yt] yt_Ny_m8u-a6N0 ya procesado
[Yt] Canal: Red Pill
[Yt] yt_UxwdeHhUJzE ya procesado
[Yt] yt__RdT1teizS0 más de 10 días
[Yt] Canal: La contracronica
[Yt] yt_62QZb1F5-Ec ya procesado
[Yt] yt_LGU1JqUKwaI ya procesado
[Yt] yt_oOdWQSIFU4s ya procesado
[Yt] yt_RuDP-EQNGak ya procesado
[Yt] yt_OgfvV9JXByU ya procesado
[Yt] yt_E1AblwgOqfc ya procesado
[Yt] yt_ysCO0RNrbh8 ya procesado
[Yt] yt__iMeNJFM04A ya procesado
ERROR: [youtube] U_e7b2vJGko: Join this channel to get access to members-only content like this video, and other exclusive perks.
[Yt] Error metadata https://www.youtube.com/watch?v=U_e7b2vJGko: ERROR: [youtube] U_e7b2vJGko: Join this channel to get access to members-only content like this video, and other exclusive perks.
[Yt] yt_U_e7b2vJGko sin datos, saltando
[Yt] yt_gxmomm07rr8 ya procesado
[Yt] yt_7HFvO86d9MQ ya procesado
[Yt] yt_T0W59AXJvag ya procesado
[Yt] yt_oOUnn6modpA ya procesado
[Yt] yt_RkPrKxvb4L0 ya procesado
[Yt] yt_pe9nTNMxkUo ya procesado
[Yt] yt__odu07G2CiQ ya procesado
[Yt] yt_Wm4AS-J4ka4 ya procesado
[Yt] yt_FQopuj7QdFo ya procesado
[Yt] yt_oDT9d0fzBI0 ya procesado
ERROR: [youtube] Nw7aoFMfqic: Join this channel to get access to members-only content like this video, and other exclusive perks.
[Yt] Error metadata https://www.youtube.com/watch?v=Nw7aoFMfqic: ERROR: [youtube] Nw7aoFMfqic: Join this channel to get access to members-only content like this video, and other exclusive perks.
[Yt] yt_Nw7aoFMfqic sin datos, saltando
[Yt] yt_giInSCt7mgk ya procesado
[Yt] yt_ODEcF725Qss más de 10 días
[Yt] Canal: Punto de vista
[Yt] yt_Hko7vDwXWHI ya procesado
[Yt] yt_ysndiDfnAWk más de 10 días
[Yt] Canal: LordDraugr
[Yt] yt_OqqZkiguIKo ya procesado
[Yt] yt_NFipm-uCEO8 más de 10 días
[Tw] Procesando canal: Jordi Llatzer
[Tw] twt_2699666874 ya procesado
[Tw] twt_2697893067 ya procesado
[Tw] twt_2696150929 ya procesado
[Tw] twt_2696075973 ya procesado
[Tw] twt_2695232714 ya procesado
[Kc] Disabled → saltando
[Fd] generado en /data/feed.xml
[Fd] Feed ok con 100 episodios
[Rc] Feed subido
[Rc] Subiendo todos los .mp3 desde /data/audio → Sherlockes78_GD:/sherlocaster
[Rc] Subida de carpeta audio OK
[Rc] Borrando > 15 días
[Rc] Limpieza remota OK
