[Yt] Canal: Oliver Nabani
[Yt] yt_IM-WDOL4q60 más de 10 días
[Yt] Canal: Jordi LLatzer
[Yt] yt_UDZUuJYz3l4 más de 10 días
[Yt] Canal: Wall Street Wolverine
[Yt] yt_-M3AwOe9fUA ya procesado
[Yt] yt_dRAW-g6lVA4 ya procesado
[Yt] yt_Z_llziVlHRw ya procesado
[Yt] yt_SK7YMCJ15wM ya procesado
[Yt] yt_yDhHnANQt7M ya procesado
[Yt] yt_-MV-9tYC35g ya procesado
[Yt] yt_QA5M3mTxmlQ ya procesado
[Yt] yt_Um16FdEqPYk ya procesado
[Yt] yt_nquCsbDJV6s ya procesado
[Yt] yt_RoJA_bAKeY8 ya procesado
[Yt] yt_YUR6yReK3AI ya procesado
[Yt] yt_28dieVmNjW4 ya procesado
[Yt] yt_ixfHTVFBCt0 ya procesado
[Yt] yt_uIitzhx_u8Q más de 10 días
[Yt] Canal: Solo Fonseca
[Yt] yt_Sb_Bh1xiQsM ya procesado
[Yt] yt_wZH56qBD5jI ya procesado
[Yt] yt_wO2NxGjb4Sw ya procesado
[Yt] yt_LYgiI8x1wBI ya procesado
[Yt] yt_uhc8OuY26VI ya procesado
[Yt] yt_Gjk-TE7N09E ya procesado
[Yt] yt_1EqwaJvZ5s8 ya procesado
[Yt] yt_UuXp8tlaPLU ya procesado
[Yt] yt_DYez5KnUcaA más de 10 días
[Yt] Canal: Marc Vidal
[Yt] yt_b6V-rB5Ma0w ya procesado
[Yt] yt_uoFmpd0RILw ya procesado
[Yt] yt_HDCI0gOxUj8 ya procesado
[Yt] yt_5-0K8_uBH5U ya procesado
[Yt] yt_lu1OOETSFOo ya procesado
[Yt] yt_d0ibYvQcpis ya procesado
[Yt] yt_5eBF0g_h04I más de 10 días
[Yt] Canal: WorldCast
[Yt] yt_Z00KcgBX75U ya procesado
[Yt] yt_4bJFLBwn9gc más de 10 días
[Yt] Canal: Dross Rotzank
[Yt] yt_Pu9Aw_fExJ8 ya procesado
[Yt] yt_nowTdanUdnk ya procesado
[Yt] yt_2Zd-X-4MmG8 ya procesado
[Yt] yt_T7jQHMhRVLs ya procesado
[Yt] yt_rQOSaChWUtw ya procesado
[Yt] yt_u_bnQvnx9YM más de 10 días
[Yt] Canal: The Wild Project
[Yt] yt_4dVEE0XDtqo ya procesado
[Yt] yt_lalkYqBUHZI ya procesado
[Yt] yt_nU3PXSi-DCs ya procesado
[Yt] yt_FaHr5oSWQSs ya procesado
[Yt] yt_UYTLcLYvGzY ya procesado
[Yt] yt_8BCK2PjjD9c ya procesado
[Yt] yt_zJrY4pfTVyI ya procesado
[Yt] yt_ClYjWTnI2HU ya procesado
[Yt] yt_6i5_ZQw9UPo ya procesado
[Yt] yt_HbLuVt7z8Cw ya procesado
[Yt] yt_KYS8LDiiSBs ya procesado
[Yt] yt_K2HbeHRcJu8. 4m < 5m
[Yt] yt_Kul477fkRgY ya procesado
[Yt] yt_1DExMfzd7mY ya procesado
[Yt] yt_lNO5nJcAt0E ya procesado
[Yt] yt_58GoXIoBeyI ya procesado
[Yt] yt_3WNSt_X0NK0 ya procesado
[Yt] yt_mEKgWthLR-U ya procesado
[Yt] yt_yobCYosRF8Q ya procesado
[Yt] yt_iTqMvMa0wCg ya procesado
[Yt] yt_IhvqvNe0MPU ya procesado
[Yt] yt_eJJpYshpfbU ya procesado
[Yt] yt_rsxAN0K-kIA ya procesado
[Yt] yt_qkL62-HICfI ya procesado
[Yt] yt_zdF7pPp6DRI ya procesado
[Yt] Canal: Red Pill
[Yt] yt_FsyCdAJpopM ya procesado
[Yt] yt_dumO_6S7FoQ ya procesado
[Yt] yt_1tpXqVxrkoY más de 10 días
[Yt] Canal: La contracronica
[Yt] yt_7mF01dtE8uo ya procesado
[Yt] yt_isJp7sXKsiQ ya procesado
[Yt] yt__TBL_IYCy_w ya procesado
ERROR: [youtube] B7OnAIIN4Nc: Join this channel to get access to members-only content like this video, and other exclusive perks.
[Yt] Error metadata https://www.youtube.com/watch?v=B7OnAIIN4Nc: ERROR: [youtube] B7OnAIIN4Nc: Join this channel to get access to members-only content like this video, and other exclusive perks.
[Yt] yt_B7OnAIIN4Nc sin datos, saltando
[Yt] yt_5lz0oR5cN9c ya procesado
[Yt] yt_ZquJmroqG6c ya procesado
[Yt] yt_9ajiWuZYd5I ya procesado
[Yt] yt_Elg8pfh7rLE ya procesado
[Yt] yt_KGFmI6WxLtQ ya procesado
[Yt] yt_4mPh-kvTlMg ya procesado
[Yt] yt_ADs-dbOLTug ya procesado
[Yt] yt_pcK-375qOcc ya procesado
[Yt] yt_RTsBcVcs1so ya procesado
[Yt] yt_Xj2SN2WcCIU ya procesado
[Yt] yt_3t6gmcMpfx8 ya procesado
[Yt] yt_mjs6ixE3wkw ya procesado
[Yt] yt_srVl6hzS_7Q ya procesado
[Yt] yt_E2s8ee3PIt0 más de 10 días
[Yt] Canal: Punto de vista
[Yt] yt_eAmfAart2-0 ya procesado
[Yt] yt__-zRAY5lzac ya procesado
[Yt] yt_FbCauQa6f3M ya procesado
[Yt] yt_8v-tf_3wkmg ya procesado
[Yt] yt_mzNocyYOPUY ya procesado
[Yt] yt_OgEHS9AcXrQ más de 10 días
[Yt] Canal: LordDraugr
[Yt] yt_NFipm-uCEO8 ya procesado
[Yt] yt_-C2IvwVqBy8 más de 10 días
[Tw] Procesando canal: Jordi Llatzer
[Tw] twt_2686535268 ya procesado
[Tw] twt_2685599219 ya procesado
[Tw] twt_2684620069 ya procesado
[Tw] twt_2683702060 ya procesado
[Tw] twt_2682831077 ya procesado
[Kc] Config → content=vods, limit=1, limit_days=3, audio_bitrate=64k
[Kc] Procesando canal: Jordi Llatzer (jordillatzer)
[Kick] Descargando audio desde: https://stream.kick.com/3c81249a5ce0/ivs/v1/196233775518/wTUM7vhoNiLL/2026/2/1/20/57/lhV2BQTLDrXb/media/hls/160p30/playlist.m3u8
[Kick] ffmpeg falló con código 234
[Kick] No se pudo descargar kck_94791196
[Kick] Descargando audio desde: https://stream.kick.com/3c81249a5ce0/ivs/v1/196233775518/wTUM7vhoNiLL/2026/1/31/21/34/6FvJJejeCK0L/media/hls/160p30/playlist.m3u8
[Kick] ffmpeg falló con código 234
[Kick] No se pudo descargar kck_94636556
[Fd] generado en /data/feed.xml
[Fd] Feed ok con 100 episodios
[Rc] Feed subido
[Rc] Subiendo todos los .mp3 desde /data/audio → Sherlockes78_GD:/sherlocaster
[Rc] Subida de carpeta audio OK
[Rc] Borrando > 15 días
[Rc] Limpieza remota OK
